--- Kernel Stage 1: Initialization ---
Module Found: Start=0x0013f000, End=0x005f4000, Cmdline="initrd"
Memory Map:
  Region: Addr=0x0000000000000000, Length=0x000000000009fc00 bytes, Type=1
  Region: Addr=0x000000000009fc00, Length=0x0000000000000400 bytes, Type=2
  Region: Addr=0x00000000000f0000, Length=0x0000000000010000 bytes, Type=2
  Region: Addr=0x0000000000100000, Length=0x00000000bfee0000 bytes, Type=1
  Region: Addr=0x00000000bffe0000, Length=0x0000000000020000 bytes, Type=2
  Region: Addr=0x00000000fffc0000, Length=0x0000000000040000 bytes, Type=2
  Region: Addr=0x000000fd00000000, Length=0x0000000300000000 bytes, Type=2
Basic Meminfo: Lower Memory = 639 KB, Upper Memory = 3144576 KB
PMM Initialized! Bitmap at 0x00000000005f5000, Size: 98304 bytes
Paging initialized.
PMM Stats:
  Total managed:    786400 pages  (3071 MiB,  2 GiB)
  Free (handout):   784628 pages  (3064 MiB)
  Used / reserved:  1772 pages  (6 MiB)
VMM: Bitmap initialized (4194304 bytes)
VMM: stack at 0xffffd00000001000 (top 0xffffd00000401000)
Transitioning to Stage 2...
--- Kernel Stage 2: Execution Phase ---
Successfully running on high-half virtual stack.
TSS: loaded (RSP0 = 0xffffd00000401000)
TARFS: Found module 'initrd' at 0xffff80000013f000 - 0xffff8000005f4000
[PROC] Process table initialized (capacity 256)
[SCHED] Scheduler initialized
[LOADER] PT_LOAD: vaddr=0x0000000000400000 offset=0x0000000000000000 filesz=616736 memsz=616736 flags=R-X
[LOADER] PT_LOAD: vaddr=0x0000000000497920 offset=0x0000000000096920 filesz=4768 memsz=38328 flags=RW-
[LOADER] Binary loaded, entry point: 0x0000000000400170
[SCHED] Launching PID 0 (entry=0x0000000000400170, user_rsp=0x00007fffffffefc8)
Starting fork test...
Hello from the CHILD process!
Hello from the PARENT process! Child has PID: 1
Process with fork() ret = 1 is exiting.
Child sleeping 1 seconds 
Child sleeping 2 seconds 
Child sleeping 3 seconds 
Child sleeping 4 seconds 
Child sleeping 5 seconds 

========================================
PID STATE CR3 CHAN
----------------------------------------
0 ZOMBIE 0x0000000000ef3000 0x0000000000000000
1 SLEEPING 0x0000000001446000 0x0000000000000000
----------------------------------------
TOTAL: 2
========================================
Child woke up
Process with fork() ret = 0 is exiting.

========================================
PID STATE CR3 CHAN
----------------------------------------
0 ZOMBIE 0x0000000000ef3000 0x0000000000000000
1 ZOMBIE 0x0000000001446000 0x0000000000000000
----------------------------------------
TOTAL: 2
========================================

========================================
PID STATE CR3 CHAN
----------------------------------------
0 ZOMBIE 0x0000000000ef3000 0x0000000000000000
1 ZOMBIE 0x0000000001446000 0x0000000000000000
----------------------------------------
TOTAL: 2
========================================
