qemu-system-aarch64 -M raspi4b -chardev stdio,id=serial0,signal=off -serial chardev:serial0 -display none -kernel build/kernel8.img -dtb boot/bcm2711-rpi-4-b.dtb -initrd initrd.tar
Current EL: 1

=======================================
 Extron OS: AArch64 boot skeleton OK
=======================================
--- Kernel Stage 1: Initialization ---
Memory Map:
  Region: Addr=0x0000000000000000, Length=0x000000003c000000 bytes, Type=1
Module Found: Start=0x08000000, End=0x0ce43000, Cmdline=""
PMM: reserved boot region 0x000000000d000000 - 0x000000000d0206ce
PMM Initialized! Bitmap at 0x000000000d021000, Size: 32768 bytes
aarch64: Paging initialized (higher-half + HHDM, TTBR1_EL1 live).
PMM Stats:
  Total managed:    245760 pages  (960 MiB,  0 GiB)
  Free (handout):   225419 pages  (880 MiB)
  Used / reserved:  20341 pages  (79 MiB)
VMM: Bitmap initialized (4194304 bytes)
VMM: stack at 0xffffd00000001000 (top 0xffffd00000401000)
Transitioning to Stage 2...
--- AArch64 Kernel Stage 2 ---
Successfully running on the VMM-allocated kernel stack.
aarch64: VBAR_EL1 set (synchronous exceptions verified separately).
aarch64: GIC-400 initialized (GICD 0xFF841000, GICC 0xFF842000).
aarch64: generic timer armed at 1000 Hz, IRQ 30 enabled.
eMMC: Initializing SDHCI at 0x00000000fe340000
eMMC: Command 8 error! INTSTAT = 0x00008001
eMMC: CMD8 failed (might be v1 card or no card).
aarch64: IRQs unmasked at the CPU.
TARFS: Found module '' at 0xffff800008000000 - 0xffff80000ce43000
eMMC: Command 17 error! INTSTAT = 0x00008001
eMMC: Read command failed at LBA 0 (count=1)
eMMC: Failed to read MBR for partition parsing.
--- TARFS File List ---
File: getenv_test.elf (Size: 2779200 bytes)
File: pty.elf (Size: 2792440 bytes)
File: reboot.elf (Size: 2779208 bytes)
File: resize.elf (Size: 2779640 bytes)
File: tests/mlibc_badptr_test.elf (Size: 2779640 bytes)
File: tests/mlibc_cancel_test.elf (Size: 2780952 bytes)
File: tests/mlibc_devfs_test.elf (Size: 2780344 bytes)
File: tests/mlibc_errno_test.elf (Size: 2804584 bytes)
File: tests/mlibc_ext2_test.elf (Size: 2786880 bytes)
File: tests/mlibc_fault_test.elf (Size: 2792304 bytes)
File: tests/mlibc_file_test.elf (Size: 2807496 bytes)
File: tests/mlibc_fork_stress.elf (Size: 2794184 bytes)
File: tests/mlibc_fp_test.elf (Size: 2792320 bytes)
File: tests/mlibc_job_control_test.elf (Size: 2804584 bytes)
File: tests/mlibc_mem_stress.elf (Size: 2780240 bytes)
File: tests/mlibc_mmap_test.elf (Size: 2789344 bytes)
File: tests/mlibc_perm_test.elf (Size: 2996496 bytes)
File: tests/mlibc_pipe_test.elf (Size: 2797720 bytes)
File: tests/mlibc_setresid_test.elf (Size: 2793320 bytes)
File: tests/mlibc_signal_test.elf (Size: 2803464 bytes)
File: tests/mlibc_syscall_test.elf (Size: 2951608 bytes)
File: tests/mlibc_thread_exec_test.elf (Size: 2779832 bytes)
File: tests/mlibc_thread_test.elf (Size: 2780912 bytes)
File: tests/mlibc_tty_test.elf (Size: 2783616 bytes)
File: tests/mlibc_vfsexec_test.elf (Size: 2793080 bytes)
File: doom.elf (Size: 3259640 bytes)
File: sh (Size: 821776 bytes)
File: hello.txt (Size: 22 bytes)
File: doom1.wad (Size: 4196020 bytes)
File: nano (Size: 3642944 bytes)
File: usr/local/share/terminfo/x/xterm (Size: 3980 bytes)
File: usr/local/share/terminfo/l/linux (Size: 1740 bytes)
File: usr/local/share/terminfo/v/vt220 (Size: 1391 bytes)
-----------------------
hello.txt (22 bytes): "Hello from the initrd!"
[PROC] Process table initialized (capacity 256)
[SCHED] Scheduler initialized
aarch64: VideoCore mailbox mapped (0x00000000fe00b000)
mailbox: firmware rev 0x000548e1, board model 0x00000000
mailbox: ARM memory base 0x00000000 size 0x3c000000 (960 MiB)
mailbox: VC  memory base 0x3c000000 size 0x04000000 (64 MiB)
fb: 640x480 32bpp pitch=2560 BGR phys=0x000000003c100000 size=1200 KiB
fb: test pattern drawn (8 bars)
[LOADER] PT_LOAD: vaddr=0x0000000000400000 offset=0x0000000000000000 filesz=814376 memsz=814376 flags=R-X
[LOADER] PT_LOAD: vaddr=0x00000000004d6d28 offset=0x00000000000c6d28 filesz=6241 memsz=41656 flags=RW-
[LOADER] Binary loaded, entry point: 0x0000000000412e3c
[THREAD] PID 1 TID 1 kernel stack: 0xffffc000000da000 - 0xffffc000000e2000 (guard page at 0xffffc000000d9000)
Starting scheduler — BusyBox ash.
[SCHED] Launching PID 1 TID 1 (entry=0x0000000000412e3c)


BusyBox v1.38.0 (2026-08-24 00:47:27 IST) built-in shell (ash)
Enter 'help' for a list of built-in commands.

/ # 